Archive member included to satisfy reference by file (symbol)

/opt/st/stm32cubeide_1.6.1/plugins/com.st.stm32cube.ide.mcu.externaltools.gnu-tools-for-stm32.9-2020-q2-update.linux64_2.0.0.202105311346/tools/bin/../lib/gcc/arm-none-eabi/9.3.1/../../../../arm-none-eabi/lib/thumb/v7-m/nofp/libc_nano.a(lib_a-errno.o)
                              ./Core/Src/syscalls.o (__errno)
/opt/st/stm32cubeide_1.6.1/plugins/com.st.stm32cube.ide.mcu.externaltools.gnu-tools-for-stm32.9-2020-q2-update.linux64_2.0.0.202105311346/tools/bin/../lib/gcc/arm-none-eabi/9.3.1/../../../../arm-none-eabi/lib/thumb/v7-m/nofp/libc_nano.a(lib_a-exit.o)
                              /opt/st/stm32cubeide_1.6.1/plugins/com.st.stm32cube.ide.mcu.externaltools.gnu-tools-for-stm32.9-2020-q2-update.linux64_2.0.0.202105311346/tools/bin/../lib/gcc/arm-none-eabi/9.3.1/../../../../arm-none-eabi/lib/thumb/v7-m/nofp/crt0.o (exit)
/opt/st/stm32cubeide_1.6.1/plugins/com.st.stm32cube.ide.mcu.externaltools.gnu-tools-for-stm32.9-2020-q2-update.linux64_2.0.0.202105311346/tools/bin/../lib/gcc/arm-none-eabi/9.3.1/../../../../arm-none-eabi/lib/thumb/v7-m/nofp/libc_nano.a(lib_a-impure.o)
                              /opt/st/stm32cubeide_1.6.1/plugins/com.st.stm32cube.ide.mcu.externaltools.gnu-tools-for-stm32.9-2020-q2-update.linux64_2.0.0.202105311346/tools/bin/../lib/gcc/arm-none-eabi/9.3.1/../../../../arm-none-eabi/lib/thumb/v7-m/nofp/libc_nano.a(lib_a-exit.o) (_global_impure_ptr)
/opt/st/stm32cubeide_1.6.1/plugins/com.st.stm32cube.ide.mcu.externaltools.gnu-tools-for-stm32.9-2020-q2-update.linux64_2.0.0.202105311346/tools/bin/../lib/gcc/arm-none-eabi/9.3.1/../../../../arm-none-eabi/lib/thumb/v7-m/nofp/libc_nano.a(lib_a-init.o)
                              /opt/st/stm32cubeide_1.6.1/plugins/com.st.stm32cube.ide.mcu.externaltools.gnu-tools-for-stm32.9-2020-q2-update.linux64_2.0.0.202105311346/tools/bin/../lib/gcc/arm-none-eabi/9.3.1/../../../../arm-none-eabi/lib/thumb/v7-m/nofp/crt0.o (__libc_init_array)
/opt/st/stm32cubeide_1.6.1/plugins/com.st.stm32cube.ide.mcu.externaltools.gnu-tools-for-stm32.9-2020-q2-update.linux64_2.0.0.202105311346/tools/bin/../lib/gcc/arm-none-eabi/9.3.1/../../../../arm-none-eabi/lib/thumb/v7-m/nofp/libc_nano.a(lib_a-memset.o)
                              /opt/st/stm32cubeide_1.6.1/plugins/com.st.stm32cube.ide.mcu.externaltools.gnu-tools-for-stm32.9-2020-q2-update.linux64_2.0.0.202105311346/tools/bin/../lib/gcc/arm-none-eabi/9.3.1/../../../../arm-none-eabi/lib/thumb/v7-m/nofp/crt0.o (memset)

Allocating common symbols
Common symbol       size              file

uwTick              0x4               ./Drivers/STM32F1xx_HAL_Driver/Src/stm32f1xx_hal.o
pFlash              0x20              ./Drivers/STM32F1xx_HAL_Driver/Src/stm32f1xx_hal_flash.o

Discarded input sections

 .text          0x0000000000000000        0x0 /opt/st/stm32cubeide_1.6.1/plugins/com.st.stm32cube.ide.mcu.externaltools.gnu-tools-for-stm32.9-2020-q2-update.linux64_2.0.0.202105311346/tools/bin/../lib/gcc/arm-none-eabi/9.3.1/thumb/v7-m/nofp/crti.o
 .data          0x0000000000000000        0x0 /opt/st/stm32cubeide_1.6.1/plugins/com.st.stm32cube.ide.mcu.externaltools.gnu-tools-for-stm32.9-2020-q2-update.linux64_2.0.0.202105311346/tools/bin/../lib/gcc/arm-none-eabi/9.3.1/thumb/v7-m/nofp/crti.o
 .bss           0x0000000000000000        0x0 /opt/st/stm32cubeide_1.6.1/plugins/com.st.stm32cube.ide.mcu.externaltools.gnu-tools-for-stm32.9-2020-q2-update.linux64_2.0.0.202105311346/tools/bin/../lib/gcc/arm-none-eabi/9.3.1/thumb/v7-m/nofp/crti.o
 .data          0x0000000000000000        0x4 /opt/st/stm32cubeide_1.6.1/plugins/com.st.stm32cube.ide.mcu.externaltools.gnu-tools-for-stm32.9-2020-q2-update.linux64_2.0.0.202105311346/tools/bin/../lib/gcc/arm-none-eabi/9.3.1/thumb/v7-m/nofp/crtbegin.o
 .text          0x0000000000000000       0x7c /opt/st/stm32cubeide_1.6.1/plugins/com.st.stm32cube.ide.mcu.externaltools.gnu-tools-for-stm32.9-2020-q2-update.linux64_2.0.0.202105311346/tools/bin/../lib/gcc/arm-none-eabi/9.3.1/../../../../arm-none-eabi/lib/thumb/v7-m/nofp/crt0.o
 .data          0x0000000000000000        0x0 /opt/st/stm32cubeide_1.6.1/plugins/com.st.stm32cube.ide.mcu.externaltools.gnu-tools-for-stm32.9-2020-q2-update.linux64_2.0.0.202105311346/tools/bin/../lib/gcc/arm-none-eabi/9.3.1/../../../../arm-none-eabi/lib/thumb/v7-m/nofp/crt0.o
 .bss           0x0000000000000000        0x0 /opt/st/stm32cubeide_1.6.1/plugins/com.st.stm32cube.ide.mcu.externaltools.gnu-tools-for-stm32.9-2020-q2-update.linux64_2.0.0.202105311346/tools/bin/../lib/gcc/arm-none-eabi/9.3.1/../../../../arm-none-eabi/lib/thumb/v7-m/nofp/crt0.o
 .ARM.extab     0x0000000000000000        0x0 /opt/st/stm32cubeide_1.6.1/plugins/com.st.stm32cube.ide.mcu.externaltools.gnu-tools-for-stm32.9-2020-q2-update.linux64_2.0.0.202105311346/tools/bin/../lib/gcc/arm-none-eabi/9.3.1/../../../../arm-none-eabi/lib/thumb/v7-m/nofp/crt0.o
[...]
Memory Configuration

Name             Origin             Length             Attributes
RAM              0x0000000020000000 0x0000000000005000 xrw
FLASH            0x0000000008000000 0x0000000000010000 xr
*default*        0x0000000000000000 0xffffffffffffffff

Linker script and memory map

LOAD /opt/st/stm32cubeide_1.6.1/plugins/com.st.stm32cube.ide.mcu.externaltools.gnu-tools-for-stm32.9-2020-q2-update.linux64_2.0.0.202105311346/tools/bin/../lib/gcc/arm-none-eabi/9.3.1/thumb/v7-m/nofp/crti.o
LOAD /opt/st/stm32cubeide_1.6.1/plugins/com.st.stm32cube.ide.mcu.externaltools.gnu-tools-for-stm32.9-2020-q2-update.linux64_2.0.0.202105311346/tools/bin/../lib/gcc/arm-none-eabi/9.3.1/thumb/v7-m/nofp/crtbegin.o
LOAD /opt/st/stm32cubeide_1.6.1/plugins/com.st.stm32cube.ide.mcu.externaltools.gnu-tools-for-stm32.9-2020-q2-update.linux64_2.0.0.202105311346/tools/bin/../lib/gcc/arm-none-eabi/9.3.1/../../../../arm-none-eabi/lib/thumb/v7-m/nofp/crt0.o
LOAD ./Core/Src/ADC.o
LOAD ./Core/Src/PWM.o
LOAD ./Core/Src/gp_driver.o
LOAD ./Core/Src/main.o
LOAD ./Core/Src/stm32f1xx_hal_msp.o
LOAD ./Core/Src/stm32f1xx_it.o
LOAD ./Core/Src/syscalls.o
LOAD ./Core/Src/sysmem.o
LOAD ./Core/Src/system_stm32f1xx.o
LOAD ./Core/Startup/startup_stm32f103c8tx.o
LOAD ./Drivers/STM32F1xx_HAL_Driver/Src/stm32f1xx_hal.o
LOAD ./Drivers/STM32F1xx_HAL_Driver/Src/stm32f1xx_hal_cortex.o
LOAD ./Drivers/STM32F1xx_HAL_Driver/Src/stm32f1xx_hal_dma.o
LOAD ./Drivers/STM32F1xx_HAL_Driver/Src/stm32f1xx_hal_exti.o
LOAD ./Drivers/STM32F1xx_HAL_Driver/Src/stm32f1xx_hal_flash.o
LOAD ./Drivers/STM32F1xx_HAL_Driver/Src/stm32f1xx_hal_flash_ex.o
LOAD ./Drivers/STM32F1xx_HAL_Driver/Src/stm32f1xx_hal_gpio.o
LOAD ./Drivers/STM32F1xx_HAL_Driver/Src/stm32f1xx_hal_gpio_ex.o
LOAD ./Drivers/STM32F1xx_HAL_Driver/Src/stm32f1xx_hal_pwr.o
LOAD ./Drivers/STM32F1xx_HAL_Driver/Src/stm32f1xx_hal_rcc.o
LOAD ./Drivers/STM32F1xx_HAL_Driver/Src/stm32f1xx_hal_rcc_ex.o
LOAD ./Drivers/STM32F1xx_HAL_Driver/Src/stm32f1xx_hal_tim.o
LOAD ./Drivers/STM32F1xx_HAL_Driver/Src/stm32f1xx_hal_tim_ex.o
START GROUP
LOAD /opt/st/stm32cubeide_1.6.1/plugins/com.st.stm32cube.ide.mcu.externaltools.gnu-tools-for-stm32.9-2020-q2-update.linux64_2.0.0.202105311346/tools/bin/../lib/gcc/arm-none-eabi/9.3.1/../../../../arm-none-eabi/lib/thumb/v7-m/nofp/libc_nano.a
LOAD /opt/st/stm32cubeide_1.6.1/plugins/com.st.stm32cube.ide.mcu.externaltools.gnu-tools-for-stm32.9-2020-q2-update.linux64_2.0.0.202105311346/tools/bin/../lib/gcc/arm-none-eabi/9.3.1/../../../../arm-none-eabi/lib/thumb/v7-m/nofp/libm.a
END GROUP
START GROUP
LOAD /opt/st/stm32cubeide_1.6.1/plugins/com.st.stm32cube.ide.mcu.externaltools.gnu-tools-for-stm32.9-2020-q2-update.linux64_2.0.0.202105311346/tools/bin/../lib/gcc/arm-none-eabi/9.3.1/thumb/v7-m/nofp/libgcc.a
LOAD /opt/st/stm32cubeide_1.6.1/plugins/com.st.stm32cube.ide.mcu.externaltools.gnu-tools-for-stm32.9-2020-q2-update.linux64_2.0.0.202105311346/tools/bin/../lib/gcc/arm-none-eabi/9.3.1/../../../../arm-none-eabi/lib/thumb/v7-m/nofp/libc_nano.a
END GROUP
START GROUP
LOAD /opt/st/stm32cubeide_1.6.1/plugins/com.st.stm32cube.ide.mcu.externaltools.gnu-tools-for-stm32.9-2020-q2-update.linux64_2.0.0.202105311346/tools/bin/../lib/gcc/arm-none-eabi/9.3.1/thumb/v7-m/nofp/libgcc.a
LOAD /opt/st/stm32cubeide_1.6.1/plugins/com.st.stm32cube.ide.mcu.externaltools.gnu-tools-for-stm32.9-2020-q2-update.linux64_2.0.0.202105311346/tools/bin/../lib/gcc/arm-none-eabi/9.3.1/../../../../arm-none-eabi/lib/thumb/v7-m/nofp/libc_nano.a
LOAD /opt/st/stm32cubeide_1.6.1/plugins/com.st.stm32cube.ide.mcu.externaltools.gnu-tools-for-stm32.9-2020-q2-update.linux64_2.0.0.202105311346/tools/bin/../lib/gcc/arm-none-eabi/9.3.1/../../../../arm-none-eabi/lib/thumb/v7-m/nofp/libnosys.a
END GROUP
START GROUP
LOAD /opt/st/stm32cubeide_1.6.1/plugins/com.st.stm32cube.ide.mcu.externaltools.gnu-tools-for-stm32.9-2020-q2-update.linux64_2.0.0.202105311346/tools/bin/../lib/gcc/arm-none-eabi/9.3.1/thumb/v7-m/nofp/libgcc.a
LOAD /opt/st/stm32cubeide_1.6.1/plugins/com.st.stm32cube.ide.mcu.externaltools.gnu-tools-for-stm32.9-2020-q2-update.linux64_2.0.0.202105311346/tools/bin/../lib/gcc/arm-none-eabi/9.3.1/../../../../arm-none-eabi/lib/thumb/v7-m/nofp/libc_nano.a
LOAD /opt/st/stm32cubeide_1.6.1/plugins/com.st.stm32cube.ide.mcu.externaltools.gnu-tools-for-stm32.9-2020-q2-update.linux64_2.0.0.202105311346/tools/bin/../lib/gcc/arm-none-eabi/9.3.1/../../../../arm-none-eabi/lib/thumb/v7-m/nofp/libnosys.a
END GROUP
LOAD /opt/st/stm32cubeide_1.6.1/plugins/com.st.stm32cube.ide.mcu.externaltools.gnu-tools-for-stm32.9-2020-q2-update.linux64_2.0.0.202105311346/tools/bin/../lib/gcc/arm-none-eabi/9.3.1/thumb/v7-m/nofp/crtend.o
LOAD /opt/st/stm32cubeide_1.6.1/plugins/com.st.stm32cube.ide.mcu.externaltools.gnu-tools-for-stm32.9-2020-q2-update.linux64_2.0.0.202105311346/tools/bin/../lib/gcc/arm-none-eabi/9.3.1/thumb/v7-m/nofp/crtn.o
                0x0000000020005000                _estack = (ORIGIN (RAM) + LENGTH (RAM))
                0x0000000000000200                _Min_Heap_Size = 0x200
                0x0000000000000400                _Min_Stack_Size = 0x400

.isr_vector     0x0000000008000000      0x10c
                0x0000000008000000                . = ALIGN (0x4)
 *(.isr_vector)
 .isr_vector    0x0000000008000000      0x10c ./Core/Startup/startup_stm32f103c8tx.o
                0x0000000008000000                g_pfnVectors
                0x000000000800010c                . = ALIGN (0x4)

.text           0x000000000800010c      0x97c
                0x000000000800010c                . = ALIGN (0x4)
 *(.text)
 .text          0x000000000800010c       0x40 /opt/st/stm32cubeide_1.6.1/plugins/com.st.stm32cube.ide.mcu.externaltools.gnu-tools-for-stm32.9-2020-q2-update.linux64_2.0.0.202105311346/tools/bin/../lib/gcc/arm-none-eabi/9.3.1/thumb/v7-m/nofp/crtbegin.o
 *(.text*)
 .text.adc_init
                0x000000000800014c      0x144 ./Core/Src/ADC.o
                0x000000000800014c                adc_init
 .text.adc_check
                0x0000000008000290       0x5c ./Core/Src/ADC.o
                0x0000000008000290                adc_check
 .text.adc_rx   0x00000000080002ec       0x50 ./Core/Src/ADC.o
                0x00000000080002ec                adc_rx
 .text.PWM_init
                0x000000000800033c      0x2d0 ./Core/Src/PWM.o
                0x000000000800033c                PWM_init
 .text.PWM_channel_Set
                0x000000000800060c       0xd4 ./Core/Src/PWM.o
                0x000000000800060c                PWM_channel_Set
 .text.init_GP  0x00000000080006e0      0x110 ./Core/Src/gp_driver.o
                0x00000000080006e0                init_GP
 .text.Systic_init
                0x00000000080007f0       0x18 ./Core/Src/gp_driver.o
                0x00000000080007f0                Systic_init
 .text.DelayMillis
                0x0000000008000808       0x30 ./Core/Src/gp_driver.o
                0x0000000008000808                DelayMillis
 .text.DelayMs  0x0000000008000838       0x24 ./Core/Src/gp_driver.o
                0x0000000008000838                DelayMs
 .text.main     0x000000000800085c       0xd0 ./Core/Src/main.o
                0x000000000800085c                main
 .text.Servo_Init
                0x000000000800092c       0x20 ./Core/Src/main.o
                0x000000000800092c                Servo_Init
 .text.Servo_angle
                0x000000000800094c       0x40 ./Core/Src/main.o
                0x000000000800094c                Servo_angle
 .text.NMI_Handler
                0x000000000800098c        0x6 ./Core/Src/stm32f1xx_it.o
                0x000000000800098c                NMI_Handler
 .text.HardFault_Handler
                0x0000000008000992        0x6 ./Core/Src/stm32f1xx_it.o
                0x0000000008000992                HardFault_Handler
 .text.MemManage_Handler
                0x0000000008000998        0x6 ./Core/Src/stm32f1xx_it.o
                0x0000000008000998                MemManage_Handler
 .text.BusFault_Handler
                0x000000000800099e        0x6 ./Core/Src/stm32f1xx_it.o
                0x000000000800099e                BusFault_Handler
 .text.UsageFault_Handler
                0x00000000080009a4        0x6 ./Core/Src/stm32f1xx_it.o
                0x00000000080009a4                UsageFault_Handler
 .text.SVC_Handler
                0x00000000080009aa        0xc ./Core/Src/stm32f1xx_it.o
                0x00000000080009aa                SVC_Handler
 .text.DebugMon_Handler
                0x00000000080009b6        0xc ./Core/Src/stm32f1xx_it.o
                0x00000000080009b6                DebugMon_Handler
 .text.PendSV_Handler
                0x00000000080009c2        0xc ./Core/Src/stm32f1xx_it.o
                0x00000000080009c2                PendSV_Handler
 .text.SystemInit
                0x00000000080009ce        0xc ./Core/Src/system_stm32f1xx.o
                0x00000000080009ce                SystemInit
 *fill*         0x00000000080009da        0x2 
 .text.Reset_Handler
                0x00000000080009dc       0x48 ./Core/Startup/startup_stm32f103c8tx.o
                0x00000000080009dc                Reset_Handler
 .text.Default_Handler
                0x0000000008000a24        0x2 ./Core/Startup/startup_stm32f103c8tx.o
                0x0000000008000a24                RTC_Alarm_IRQHandler
                0x0000000008000a24                EXTI2_IRQHandler
                0x0000000008000a24                TIM1_CC_IRQHandler
                0x0000000008000a24                SysTick_Handler
                0x0000000008000a24                PVD_IRQHandler
                0x0000000008000a24                EXTI3_IRQHandler
                0x0000000008000a24                EXTI0_IRQHandler
                0x0000000008000a24                I2C2_EV_IRQHandler
                0x0000000008000a24                ADC1_2_IRQHandler
                0x0000000008000a24                SPI1_IRQHandler
                0x0000000008000a24                TAMPER_IRQHandler
                0x0000000008000a24                DMA1_Channel4_IRQHandler
                0x0000000008000a24                USART3_IRQHandler
                0x0000000008000a24                RTC_IRQHandler
                0x0000000008000a24                DMA1_Channel7_IRQHandler
                0x0000000008000a24                CAN1_RX1_IRQHandler
                0x0000000008000a24                TIM4_IRQHandler
                0x0000000008000a24                I2C1_EV_IRQHandler
                0x0000000008000a24                DMA1_Channel6_IRQHandler
                0x0000000008000a24                TIM3_IRQHandler
                0x0000000008000a24                RCC_IRQHandler
                0x0000000008000a24                TIM1_TRG_COM_IRQHandler
                0x0000000008000a24                DMA1_Channel1_IRQHandler
                0x0000000008000a24                Default_Handler
                0x0000000008000a24                EXTI15_10_IRQHandler
                0x0000000008000a24                EXTI9_5_IRQHandler
                0x0000000008000a24                SPI2_IRQHandler
                0x0000000008000a24                DMA1_Channel5_IRQHandler
                0x0000000008000a24                EXTI4_IRQHandler
                0x0000000008000a24                USB_LP_CAN1_RX0_IRQHandler
                0x0000000008000a24                USB_HP_CAN1_TX_IRQHandler
                0x0000000008000a24                DMA1_Channel3_IRQHandler
                0x0000000008000a24                TIM1_UP_IRQHandler
                0x0000000008000a24                WWDG_IRQHandler
                0x0000000008000a24                TIM2_IRQHandler
                0x0000000008000a24                TIM1_BRK_IRQHandler
                0x0000000008000a24                EXTI1_IRQHandler
                0x0000000008000a24                USART2_IRQHandler
                0x0000000008000a24                I2C2_ER_IRQHandler
                0x0000000008000a24                DMA1_Channel2_IRQHandler
                0x0000000008000a24                CAN1_SCE_IRQHandler
                0x0000000008000a24                FLASH_IRQHandler
                0x0000000008000a24                USART1_IRQHandler
                0x0000000008000a24                I2C1_ER_IRQHandler
                0x0000000008000a24                USBWakeUp_IRQHandler
 *fill*         0x0000000008000a26        0x2 
 .text.__libc_init_array
                0x0000000008000a28       0x48 /opt/st/stm32cubeide_1.6.1/plugins/com.st.stm32cube.ide.mcu.externaltools.gnu-tools-for-stm32.9-2020-q2-update.linux64_2.0.0.202105311346/tools/bin/../lib/gcc/arm-none-eabi/9.3.1/../../../../arm-none-eabi/lib/thumb/v7-m/nofp/libc_nano.a(lib_a-init.o)
                0x0000000008000a28                __libc_init_array
 *(.glue_7)
 .glue_7        0x0000000008000a70        0x0 linker stubs
 *(.glue_7t)
 .glue_7t       0x0000000008000a70        0x0 linker stubs
 *(.eh_frame)
 .eh_frame      0x0000000008000a70        0x0 /opt/st/stm32cubeide_1.6.1/plugins/com.st.stm32cube.ide.mcu.externaltools.gnu-tools-for-stm32.9-2020-q2-update.linux64_2.0.0.202105311346/tools/bin/../lib/gcc/arm-none-eabi/9.3.1/thumb/v7-m/nofp/crtbegin.o
 *(.init)
 .init          0x0000000008000a70        0x4 /opt/st/stm32cubeide_1.6.1/plugins/com.st.stm32cube.ide.mcu.externaltools.gnu-tools-for-stm32.9-2020-q2-update.linux64_2.0.0.202105311346/tools/bin/../lib/gcc/arm-none-eabi/9.3.1/thumb/v7-m/nofp/crti.o
                0x0000000008000a70                _init
 .init          0x0000000008000a74        0x8 /opt/st/stm32cubeide_1.6.1/plugins/com.st.stm32cube.ide.mcu.externaltools.gnu-tools-for-stm32.9-2020-q2-update.linux64_2.0.0.202105311346/tools/bin/../lib/gcc/arm-none-eabi/9.3.1/thumb/v7-m/nofp/crtn.o
 *(.fini)
 .fini          0x0000000008000a7c        0x4 /opt/st/stm32cubeide_1.6.1/plugins/com.st.stm32cube.ide.mcu.externaltools.gnu-tools-for-stm32.9-2020-q2-update.linux64_2.0.0.202105311346/tools/bin/../lib/gcc/arm-none-eabi/9.3.1/thumb/v7-m/nofp/crti.o
                0x0000000008000a7c                _fini
 .fini          0x0000000008000a80        0x8 /opt/st/stm32cubeide_1.6.1/plugins/com.st.stm32cube.ide.mcu.externaltools.gnu-tools-for-stm32.9-2020-q2-update.linux64_2.0.0.202105311346/tools/bin/../lib/gcc/arm-none-eabi/9.3.1/thumb/v7-m/nofp/crtn.o
                0x0000000008000a88                . = ALIGN (0x4)
                0x0000000008000a88                _etext = .

.vfp11_veneer   0x0000000008000a88        0x0
 .vfp11_veneer  0x0000000008000a88        0x0 linker stubs

.v4_bx          0x0000000008000a88        0x0
 .v4_bx         0x0000000008000a88        0x0 linker stubs

.iplt           0x0000000008000a88        0x0
 .iplt          0x0000000008000a88        0x0 /opt/st/stm32cubeide_1.6.1/plugins/com.st.stm32cube.ide.mcu.externaltools.gnu-tools-for-stm32.9-2020-q2-update.linux64_2.0.0.202105311346/tools/bin/../lib/gcc/arm-none-eabi/9.3.1/thumb/v7-m/nofp/crtbegin.o

.rodata         0x0000000008000a88       0x68
                0x0000000008000a88                . = ALIGN (0x4)
 *(.rodata)
 .rodata        0x0000000008000a88       0x10 ./Core/Src/ADC.o
 .rodata        0x0000000008000a98       0x3c ./Core/Src/PWM.o
 .rodata        0x0000000008000ad4       0x1c ./Core/Src/gp_driver.o
 *(.rodata*)
                0x0000000008000af0                . = ALIGN (0x4)

.rel.dyn        0x0000000008000af0        0x0
 .rel.iplt      0x0000000008000af0        0x0 /opt/st/stm32cubeide_1.6.1/plugins/com.st.stm32cube.ide.mcu.externaltools.gnu-tools-for-stm32.9-2020-q2-update.linux64_2.0.0.202105311346/tools/bin/../lib/gcc/arm-none-eabi/9.3.1/thumb/v7-m/nofp/crtbegin.o

.ARM.extab      0x0000000008000af0        0x0
                0x0000000008000af0                . = ALIGN (0x4)
 *(.ARM.extab* .gnu.linkonce.armextab.*)
                0x0000000008000af0                . = ALIGN (0x4)

.ARM            0x0000000008000af0        0x0
                0x0000000008000af0                . = ALIGN (0x4)
                0x0000000008000af0                __exidx_start = .
 *(.ARM.exidx*)
                0x0000000008000af0                __exidx_end = .
                0x0000000008000af0                . = ALIGN (0x4)

.preinit_array  0x0000000008000af0        0x0
                0x0000000008000af0                . = ALIGN (0x4)
                0x0000000008000af0                PROVIDE (__preinit_array_start = .)
 *(.preinit_array*)
                0x0000000008000af0                PROVIDE (__preinit_array_end = .)
                0x0000000008000af0                . = ALIGN (0x4)

.init_array     0x0000000008000af0        0x4
                0x0000000008000af0                . = ALIGN (0x4)
                0x0000000008000af0                PROVIDE (__init_array_start = .)
 *(SORT_BY_NAME(.init_array.*))
 *(.init_array*)
 .init_array    0x0000000008000af0        0x4 /opt/st/stm32cubeide_1.6.1/plugins/com.st.stm32cube.ide.mcu.externaltools.gnu-tools-for-stm32.9-2020-q2-update.linux64_2.0.0.202105311346/tools/bin/../lib/gcc/arm-none-eabi/9.3.1/thumb/v7-m/nofp/crtbegin.o
                0x0000000008000af4                PROVIDE (__init_array_end = .)
                0x0000000008000af4                . = ALIGN (0x4)

.fini_array     0x0000000008000af4        0x4
                0x0000000008000af4                . = ALIGN (0x4)
                [!provide]                        PROVIDE (__fini_array_start = .)
 *(SORT_BY_NAME(.fini_array.*))
 *(.fini_array*)
 .fini_array    0x0000000008000af4        0x4 /opt/st/stm32cubeide_1.6.1/plugins/com.st.stm32cube.ide.mcu.externaltools.gnu-tools-for-stm32.9-2020-q2-update.linux64_2.0.0.202105311346/tools/bin/../lib/gcc/arm-none-eabi/9.3.1/thumb/v7-m/nofp/crtbegin.o
                [!provide]                        PROVIDE (__fini_array_end = .)
                0x0000000008000af8                . = ALIGN (0x4)
                0x0000000008000af8                _sidata = LOADADDR (.data)

.data           0x0000000020000000        0x0 load address 0x0000000008000af8
                0x0000000020000000                . = ALIGN (0x4)
                0x0000000020000000                _sdata = .
 *(.data)
 *(.data*)
 *(.RamFunc)
 *(.RamFunc*)
                0x0000000020000000                . = ALIGN (0x4)
                0x0000000020000000                _edata = .

.igot.plt       0x0000000020000000        0x0 load address 0x0000000008000af8
 .igot.plt      0x0000000020000000        0x0 /opt/st/stm32cubeide_1.6.1/plugins/com.st.stm32cube.ide.mcu.externaltools.gnu-tools-for-stm32.9-2020-q2-update.linux64_2.0.0.202105311346/tools/bin/../lib/gcc/arm-none-eabi/9.3.1/thumb/v7-m/nofp/crtbegin.o
                0x0000000020000000                . = ALIGN (0x4)

.bss            0x0000000020000000       0x1c load address 0x0000000008000af8
                0x0000000020000000                _sbss = .
                0x0000000020000000                __bss_start__ = _sbss
 *(.bss)
 .bss           0x0000000020000000       0x1c /opt/st/stm32cubeide_1.6.1/plugins/com.st.stm32cube.ide.mcu.externaltools.gnu-tools-for-stm32.9-2020-q2-update.linux64_2.0.0.202105311346/tools/bin/../lib/gcc/arm-none-eabi/9.3.1/thumb/v7-m/nofp/crtbegin.o
 *(.bss*)
 *(COMMON)
                0x000000002000001c                . = ALIGN (0x4)
                0x000000002000001c                _ebss = .
                0x000000002000001c                __bss_end__ = _ebss

._user_heap_stack
                0x000000002000001c      0x604 load address 0x0000000008000af8
                0x0000000020000020                . = ALIGN (0x8)
 *fill*         0x000000002000001c        0x4 
                [!provide]                        PROVIDE (end = .)
                0x0000000020000020                PROVIDE (_end = .)
                0x0000000020000220                . = (. + _Min_Heap_Size)
 *fill*         0x0000000020000020      0x200 
                0x0000000020000620                . = (. + _Min_Stack_Size)
 *fill*         0x0000000020000220      0x400 
                0x0000000020000620                . = ALIGN (0x8)

/DISCARD/
 libc.a(*)
 libm.a(*)
 libgcc.a(*)

.ARM.attributes
                0x0000000000000000       0x29
 *(.ARM.attributes)
 .ARM.attributes
                0x0000000000000000       0x1d /opt/st/stm32cubeide_1.6.1/plugins/com.st.stm32cube.ide.mcu.externaltools.gnu-tools-for-stm32.9-2020-q2-update.linux64_2.0.0.202105311346/tools/bin/../lib/gcc/arm-none-eabi/9.3.1/thumb/v7-m/nofp/crti.o
 .ARM.attributes
                0x000000000000001d       0x2d /opt/st/stm32cubeide_1.6.1/plugins/com.st.stm32cube.ide.mcu.externaltools.gnu-tools-for-stm32.9-2020-q2-update.linux64_2.0.0.202105311346/tools/bin/../lib/gcc/arm-none-eabi/9.3.1/thumb/v7-m/nofp/crtbegin.o
 .ARM.attributes
                0x000000000000004a       0x2d ./Core/Src/ADC.o
 .ARM.attributes
                0x0000000000000077       0x2d ./Core/Src/PWM.o
 .ARM.attributes
                0x00000000000000a4       0x2d ./Core/Src/gp_driver.o
 .ARM.attributes
                0x00000000000000d1       0x2d ./Core/Src/main.o
 .ARM.attributes
                0x00000000000000fe       0x2d ./Core/Src/stm32f1xx_it.o
 .ARM.attributes
                0x000000000000012b       0x2d ./Core/Src/system_stm32f1xx.o
 .ARM.attributes
                0x0000000000000158       0x21 ./Core/Startup/startup_stm32f103c8tx.o
 .ARM.attributes
                0x0000000000000179       0x2d /opt/st/stm32cubeide_1.6.1/plugins/com.st.stm32cube.ide.mcu.externaltools.gnu-tools-for-stm32.9-2020-q2-update.linux64_2.0.0.202105311346/tools/bin/../lib/gcc/arm-none-eabi/9.3.1/../../../../arm-none-eabi/lib/thumb/v7-m/nofp/libc_nano.a(lib_a-init.o)
 .ARM.attributes
                0x00000000000001a6       0x1d /opt/st/stm32cubeide_1.6.1/plugins/com.st.stm32cube.ide.mcu.externaltools.gnu-tools-for-stm32.9-2020-q2-update.linux64_2.0.0.202105311346/tools/bin/../lib/gcc/arm-none-eabi/9.3.1/thumb/v7-m/nofp/crtn.o
OUTPUT(Timers.elf elf32-littlearm)
LOAD linker stubs
LOAD /opt/st/stm32cubeide_1.6.1/plugins/com.st.stm32cube.ide.mcu.externaltools.gnu-tools-for-stm32.9-2020-q2-update.linux64_2.0.0.202105311346/tools/bin/../lib/gcc/arm-none-eabi/9.3.1/../../../../arm-none-eabi/lib/thumb/v7-m/nofp/libc.a
LOAD /opt/st/stm32cubeide_1.6.1/plugins/com.st.stm32cube.ide.mcu.externaltools.gnu-tools-for-stm32.9-2020-q2-update.linux64_2.0.0.202105311346/tools/bin/../lib/gcc/arm-none-eabi/9.3.1/../../../../arm-none-eabi/lib/thumb/v7-m/nofp/libm.a
LOAD /opt/st/stm32cubeide_1.6.1/plugins/com.st.stm32cube.ide.mcu.externaltools.gnu-tools-for-stm32.9-2020-q2-update.linux64_2.0.0.202105311346/tools/bin/../lib/gcc/arm-none-eabi/9.3.1/thumb/v7-m/nofp/libgcc.a

.debug_info     0x0000000000000000     0x16ab
 .debug_info    0x0000000000000000      0x4aa ./Core/Src/ADC.o
 .debug_info    0x00000000000004aa      0x4bc ./Core/Src/PWM.o
 .debug_info    0x0000000000000966      0x422 ./Core/Src/gp_driver.o
 .debug_info    0x0000000000000d88      0x433 ./Core/Src/main.o
 .debug_info    0x00000000000011bb      0x210 ./Core/Src/stm32f1xx_it.o
 .debug_info    0x00000000000013cb      0x2be ./Core/Src/system_stm32f1xx.o
 .debug_info    0x0000000000001689       0x22 ./Core/Startup/startup_stm32f103c8tx.o

.debug_abbrev   0x0000000000000000      0x865
 .debug_abbrev  0x0000000000000000      0x187 ./Core/Src/ADC.o
 .debug_abbrev  0x0000000000000187      0x159 ./Core/Src/PWM.o
 .debug_abbrev  0x00000000000002e0      0x1c6 ./Core/Src/gp_driver.o
 .debug_abbrev  0x00000000000004a6      0x1a7 ./Core/Src/main.o
 .debug_abbrev  0x000000000000064d       0xb8 ./Core/Src/stm32f1xx_it.o
 .debug_abbrev  0x0000000000000705      0x14e ./Core/Src/system_stm32f1xx.o
 .debug_abbrev  0x0000000000000853       0x12 ./Core/Startup/startup_stm32f103c8tx.o

.debug_aranges  0x0000000000000000      0x198
 .debug_aranges
                0x0000000000000000       0x30 ./Core/Src/ADC.o
 .debug_aranges
                0x0000000000000030       0x28 ./Core/Src/PWM.o
 .debug_aranges
                0x0000000000000058       0x58 ./Core/Src/gp_driver.o
 .debug_aranges
                0x00000000000000b0       0x40 ./Core/Src/main.o
 .debug_aranges
                0x00000000000000f0       0x58 ./Core/Src/stm32f1xx_it.o
 .debug_aranges
                0x0000000000000148       0x28 ./Core/Src/system_stm32f1xx.o
 .debug_aranges
                0x0000000000000170       0x28 ./Core/Startup/startup_stm32f103c8tx.o

.debug_ranges   0x0000000000000000      0x130
 .debug_ranges  0x0000000000000000       0x20 ./Core/Src/ADC.o
 .debug_ranges  0x0000000000000020       0x18 ./Core/Src/PWM.o
 .debug_ranges  0x0000000000000038       0x48 ./Core/Src/gp_driver.o
 .debug_ranges  0x0000000000000080       0x30 ./Core/Src/main.o
 .debug_ranges  0x00000000000000b0       0x48 ./Core/Src/stm32f1xx_it.o
 .debug_ranges  0x00000000000000f8       0x18 ./Core/Src/system_stm32f1xx.o
 .debug_ranges  0x0000000000000110       0x20 ./Core/Startup/startup_stm32f103c8tx.o

.debug_macro    0x0000000000000000    0x15614
 .debug_macro   0x0000000000000000      0x19c ./Core/Src/ADC.o
 .debug_macro   0x000000000000019c      0xa9c ./Core/Src/ADC.o
 .debug_macro   0x0000000000000c38      0x209 ./Core/Src/ADC.o
 .debug_macro   0x0000000000000e41       0x2e ./Core/Src/ADC.o
 .debug_macro   0x0000000000000e6f       0x22 ./Core/Src/ADC.o
 .debug_macro   0x0000000000000e91       0x22 ./Core/Src/ADC.o
 .debug_macro   0x0000000000000eb3       0x8e ./Core/Src/ADC.o
 .debug_macro   0x0000000000000f41       0x51 ./Core/Src/ADC.o
 .debug_macro   0x0000000000000f92      0x103 ./Core/Src/ADC.o
 .debug_macro   0x0000000000001095       0x6a ./Core/Src/ADC.o
 .debug_macro   0x00000000000010ff      0x1df ./Core/Src/ADC.o
 .debug_macro   0x00000000000012de       0x1c ./Core/Src/ADC.o
 .debug_macro   0x00000000000012fa       0x22 ./Core/Src/ADC.o
 .debug_macro   0x000000000000131c       0xc3 ./Core/Src/ADC.o
 .debug_macro   0x00000000000013df      0xd23 ./Core/Src/ADC.o
 .debug_macro   0x0000000000002102     0xe09e ./Core/Src/ADC.o
 .debug_macro   0x00000000000101a0       0x6d ./Core/Src/ADC.o
 .debug_macro   0x000000000001020d     0x3468 ./Core/Src/ADC.o
 .debug_macro   0x0000000000013675      0x174 ./Core/Src/ADC.o
 .debug_macro   0x00000000000137e9       0x5c ./Core/Src/ADC.o
 .debug_macro   0x0000000000013845      0x5be ./Core/Src/ADC.o
 .debug_macro   0x0000000000013e03      0x289 ./Core/Src/ADC.o
 .debug_macro   0x000000000001408c      0x1cb ./Core/Src/ADC.o
 .debug_macro   0x0000000000014257      0x114 ./Core/Src/ADC.o
 .debug_macro   0x000000000001436b      0x1b2 ./Core/Src/ADC.o
 .debug_macro   0x000000000001451d       0x27 ./Core/Src/ADC.o
 .debug_macro   0x0000000000014544      0x136 ./Core/Src/ADC.o
 .debug_macro   0x000000000001467a      0x1bc ./Core/Src/ADC.o
 .debug_macro   0x0000000000014836       0x34 ./Core/Src/ADC.o
 .debug_macro   0x000000000001486a       0x3c ./Core/Src/ADC.o
 .debug_macro   0x00000000000148a6       0x57 ./Core/Src/ADC.o
 .debug_macro   0x00000000000148fd       0x88 ./Core/Src/ADC.o
 .debug_macro   0x0000000000014985      0x241 ./Core/Src/ADC.o
 .debug_macro   0x0000000000014bc6      0x141 ./Core/Src/ADC.o
 .debug_macro   0x0000000000014d07       0x83 ./Core/Src/ADC.o
 .debug_macro   0x0000000000014d8a       0x82 ./Core/Src/ADC.o
 .debug_macro   0x0000000000014e0c       0x10 ./Core/Src/ADC.o
 .debug_macro   0x0000000000014e1c      0x196 ./Core/Src/PWM.o
 .debug_macro   0x0000000000014fb2       0x10 ./Core/Src/PWM.o
 .debug_macro   0x0000000000014fc2      0x18d ./Core/Src/gp_driver.o
 .debug_macro   0x000000000001514f      0x1a9 ./Core/Src/main.o
 .debug_macro   0x00000000000152f8      0x198 ./Core/Src/stm32f1xx_it.o
 .debug_macro   0x0000000000015490      0x184 ./Core/Src/system_stm32f1xx.o

.debug_line     0x0000000000000000     0x2bae
 .debug_line    0x0000000000000000      0x6d8 ./Core/Src/ADC.o
 .debug_line    0x00000000000006d8      0x7e6 ./Core/Src/PWM.o
 .debug_line    0x0000000000000ebe      0x822 ./Core/Src/gp_driver.o
 .debug_line    0x00000000000016e0      0x6ff ./Core/Src/main.o
 .debug_line    0x0000000000001ddf      0x6ba ./Core/Src/stm32f1xx_it.o
 .debug_line    0x0000000000002499      0x68e ./Core/Src/system_stm32f1xx.o
 .debug_line    0x0000000000002b27       0x87 ./Core/Startup/startup_stm32f103c8tx.o

.debug_str      0x0000000000000000    0x7aea1
 .debug_str     0x0000000000000000    0x7aae8 ./Core/Src/ADC.o
                                      0x7ae34 (size before relaxing)
 .debug_str     0x000000000007aae8       0xa8 ./Core/Src/PWM.o
                                      0x7ae3a (size before relaxing)
 .debug_str     0x000000000007ab90       0xc3 ./Core/Src/gp_driver.o
                                      0x7ade2 (size before relaxing)
 .debug_str     0x000000000007ac53      0x10f ./Core/Src/main.o
                                      0x7aeab (size before relaxing)
 .debug_str     0x000000000007ad62       0xb7 ./Core/Src/stm32f1xx_it.o
                                      0x7ac79 (size before relaxing)
 .debug_str     0x000000000007ae19       0x52 ./Core/Src/system_stm32f1xx.o
                                      0x7ac59 (size before relaxing)
 .debug_str     0x000000000007ae6b       0x36 ./Core/Startup/startup_stm32f103c8tx.o
                                         0x79 (size before relaxing)

.comment        0x0000000000000000       0x53
 .comment       0x0000000000000000       0x53 ./Core/Src/ADC.o
                                         0x54 (size before relaxing)
 .comment       0x0000000000000053       0x54 ./Core/Src/PWM.o
 .comment       0x0000000000000053       0x54 ./Core/Src/gp_driver.o
 .comment       0x0000000000000053       0x54 ./Core/Src/main.o
 .comment       0x0000000000000053       0x54 ./Core/Src/stm32f1xx_it.o
 .comment       0x0000000000000053       0x54 ./Core/Src/system_stm32f1xx.o

.debug_frame    0x0000000000000000      0x448
 .debug_frame   0x0000000000000000       0x84 ./Core/Src/ADC.o
 .debug_frame   0x0000000000000084       0x64 ./Core/Src/PWM.o
 .debug_frame   0x00000000000000e8      0x13c ./Core/Src/gp_driver.o
 .debug_frame   0x0000000000000224       0xb8 ./Core/Src/main.o
 .debug_frame   0x00000000000002dc       0xe8 ./Core/Src/stm32f1xx_it.o
 .debug_frame   0x00000000000003c4       0x58 ./Core/Src/system_stm32f1xx.o
 .debug_frame   0x000000000000041c       0x2c /opt/st/stm32cubeide_1.6.1/plugins/com.st.stm32cube.ide.mcu.externaltools.gnu-tools-for-stm32.9-2020-q2-update.linux64_2.0.0.202105311346/tools/bin/../lib/gcc/arm-none-eabi/9.3.1/../../../../arm-none-eabi/lib/thumb/v7-m/nofp/libc_nano.a(lib_a-init.o)
