Archive member included to satisfy reference by file (symbol)

/opt/st/stm32cubeide_1.6.1/plugins/com.st.stm32cube.ide.mcu.externaltools.gnu-tools-for-stm32.9-2020-q2-update.linux64_2.0.0.202105311346/tools/bin/../lib/gcc/arm-none-eabi/9.3.1/../../../../arm-none-eabi/lib/thumb/v7-m/nofp/libc_nano.a(lib_a-errno.o)
                              ./Core/Src/syscalls.o (__errno)
/opt/st/stm32cubeide_1.6.1/plugins/com.st.stm32cube.ide.mcu.externaltools.gnu-tools-for-stm32.9-2020-q2-update.linux64_2.0.0.202105311346/tools/bin/../lib/gcc/arm-none-eabi/9.3.1/../../../../arm-none-eabi/lib/thumb/v7-m/nofp/libc_nano.a(lib_a-exit.o)
                              /opt/st/stm32cubeide_1.6.1/plugins/com.st.stm32cube.ide.mcu.externaltools.gnu-tools-for-stm32.9-2020-q2-update.linux64_2.0.0.202105311346/tools/bin/../lib/gcc/arm-none-eabi/9.3.1/../../../../arm-none-eabi/lib/thumb/v7-m/nofp/crt0.o (exit)
/opt/st/stm32cubeide_1.6.1/plugins/com.st.stm32cube.ide.mcu.externaltools.gnu-tools-for-stm32.9-2020-q2-update.linux64_2.0.0.202105311346/tools/bin/../lib/gcc/arm-none-eabi/9.3.1/../../../../arm-none-eabi/lib/thumb/v7-m/nofp/libc_nano.a(lib_a-impure.o)
                              /opt/st/stm32cubeide_1.6.1/plugins/com.st.stm32cube.ide.mcu.externaltools.gnu-tools-for-stm32.9-2020-q2-update.linux64_2.0.0.202105311346/tools/bin/../lib/gcc/arm-none-eabi/9.3.1/../../../../arm-none-eabi/lib/thumb/v7-m/nofp/libc_nano.a(lib_a-exit.o) (_global_impure_ptr)
/opt/st/stm32cubeide_1.6.1/plugins/com.st.stm32cube.ide.mcu.externaltools.gnu-tools-for-stm32.9-2020-q2-update.linux64_2.0.0.202105311346/tools/bin/../lib/gcc/arm-none-eabi/9.3.1/../../../../arm-none-eabi/lib/thumb/v7-m/nofp/libc_nano.a(lib_a-init.o)
                              /opt/st/stm32cubeide_1.6.1/plugins/com.st.stm32cube.ide.mcu.externaltools.gnu-tools-for-stm32.9-2020-q2-update.linux64_2.0.0.202105311346/tools/bin/../lib/gcc/arm-none-eabi/9.3.1/../../../../arm-none-eabi/lib/thumb/v7-m/nofp/crt0.o (__libc_init_array)
/opt/st/stm32cubeide_1.6.1/plugins/com.st.stm32cube.ide.mcu.externaltools.gnu-tools-for-stm32.9-2020-q2-update.linux64_2.0.0.202105311346/tools/bin/../lib/gcc/arm-none-eabi/9.3.1/../../../../arm-none-eabi/lib/thumb/v7-m/nofp/libc_nano.a(lib_a-memset.o)
                              /opt/st/stm32cubeide_1.6.1/plugins/com.st.stm32cube.ide.mcu.externaltools.gnu-tools-for-stm32.9-2020-q2-update.linux64_2.0.0.202105311346/tools/bin/../lib/gcc/arm-none-eabi/9.3.1/../../../../arm-none-eabi/lib/thumb/v7-m/nofp/crt0.o (memset)
/opt/st/stm32cubeide_1.6.1/plugins/com.st.stm32cube.ide.mcu.externaltools.gnu-tools-for-stm32.9-2020-q2-update.linux64_2.0.0.202105311346/tools/bin/../lib/gcc/arm-none-eabi/9.3.1/thumb/v7-m/nofp/libgcc.a(_arm_muldf3.o)
                              ./Core/Src/UART.o (__aeabi_dmul)
/opt/st/stm32cubeide_1.6.1/plugins/com.st.stm32cube.ide.mcu.externaltools.gnu-tools-for-stm32.9-2020-q2-update.linux64_2.0.0.202105311346/tools/bin/../lib/gcc/arm-none-eabi/9.3.1/thumb/v7-m/nofp/libgcc.a(_arm_addsubdf3.o)
                              ./Core/Src/UART.o (__aeabi_dsub)
/opt/st/stm32cubeide_1.6.1/plugins/com.st.stm32cube.ide.mcu.externaltools.gnu-tools-for-stm32.9-2020-q2-update.linux64_2.0.0.202105311346/tools/bin/../lib/gcc/arm-none-eabi/9.3.1/thumb/v7-m/nofp/libgcc.a(_arm_muldivdf3.o)
                              ./Core/Src/UART.o (__aeabi_ddiv)
/opt/st/stm32cubeide_1.6.1/plugins/com.st.stm32cube.ide.mcu.externaltools.gnu-tools-for-stm32.9-2020-q2-update.linux64_2.0.0.202105311346/tools/bin/../lib/gcc/arm-none-eabi/9.3.1/thumb/v7-m/nofp/libgcc.a(_arm_cmpdf2.o)
                              ./Core/Src/UART.o (__aeabi_dcmpgt)
/opt/st/stm32cubeide_1.6.1/plugins/com.st.stm32cube.ide.mcu.externaltools.gnu-tools-for-stm32.9-2020-q2-update.linux64_2.0.0.202105311346/tools/bin/../lib/gcc/arm-none-eabi/9.3.1/thumb/v7-m/nofp/libgcc.a(_arm_fixunsdfsi.o)
                              ./Core/Src/UART.o (__aeabi_d2uiz)

Allocating common symbols
Common symbol       size              file

Uart_3_msg          0xfa              ./Core/Src/main.o
uwTick              0x4               ./Drivers/STM32F1xx_HAL_Driver/Src/stm32f1xx_hal.o
pFlash              0x20              ./Drivers/STM32F1xx_HAL_Driver/Src/stm32f1xx_hal_flash.o
Uart_2_msg          0xfa              ./Core/Src/main.o

Discarded input sections

 .text          0x0000000000000000        0x0 /opt/st/stm32cubeide_1.6.1/plugins/com.st.stm32cube.ide.mcu.externaltools.gnu-tools-for-stm32.9-2020-q2-update.linux64_2.0.0.202105311346/tools/bin/../lib/gcc/arm-none-eabi/9.3.1/thumb/v7-m/nofp/crti.o
 .data          0x0000000000000000        0x0 /opt/st/stm32cubeide_1.6.1/plugins/com.st.stm32cube.ide.mcu.externaltools.gnu-tools-for-stm32.9-2020-q2-update.linux64_2.0.0.202105311346/tools/bin/../lib/gcc/arm-none-eabi/9.3.1/thumb/v7-m/nofp/crti.o
[...]
Memory Configuration

Name             Origin             Length             Attributes
RAM              0x0000000020000000 0x0000000000005000 xrw
FLASH            0x0000000008000000 0x0000000000010000 xr
*default*        0x0000000000000000 0xffffffffffffffff

Linker script and memory map

LOAD /opt/st/stm32cubeide_1.6.1/plugins/com.st.stm32cube.ide.mcu.externaltools.gnu-tools-for-stm32.9-2020-q2-update.linux64_2.0.0.202105311346/tools/bin/../lib/gcc/arm-none-eabi/9.3.1/thumb/v7-m/nofp/crti.o
LOAD /opt/st/stm32cubeide_1.6.1/plugins/com.st.stm32cube.ide.mcu.externaltools.gnu-tools-for-stm32.9-2020-q2-update.linux64_2.0.0.202105311346/tools/bin/../lib/gcc/arm-none-eabi/9.3.1/thumb/v7-m/nofp/crtbegin.o
LOAD /opt/st/stm32cubeide_1.6.1/plugins/com.st.stm32cube.ide.mcu.externaltools.gnu-tools-for-stm32.9-2020-q2-update.linux64_2.0.0.202105311346/tools/bin/../lib/gcc/arm-none-eabi/9.3.1/../../../../arm-none-eabi/lib/thumb/v7-m/nofp/crt0.o
LOAD ./Core/Src/ADC.o
LOAD ./Core/Src/CRC.o
LOAD ./Core/Src/PWM.o
LOAD ./Core/Src/UART.o
LOAD ./Core/Src/gp_driver.o
LOAD ./Core/Src/help_func.o
LOAD ./Core/Src/main.o
LOAD ./Core/Src/stm32f1xx_hal_msp.o
LOAD ./Core/Src/stm32f1xx_it.o
LOAD ./Core/Src/syscalls.o
LOAD ./Core/Src/sysmem.o
LOAD ./Core/Src/system_stm32f1xx.o
LOAD ./Core/Startup/startup_stm32f103c8tx.o
LOAD ./Drivers/STM32F1xx_HAL_Driver/Src/stm32f1xx_hal.o
LOAD ./Drivers/STM32F1xx_HAL_Driver/Src/stm32f1xx_hal_cortex.o
LOAD ./Drivers/STM32F1xx_HAL_Driver/Src/stm32f1xx_hal_dma.o
LOAD ./Drivers/STM32F1xx_HAL_Driver/Src/stm32f1xx_hal_exti.o
LOAD ./Drivers/STM32F1xx_HAL_Driver/Src/stm32f1xx_hal_flash.o
LOAD ./Drivers/STM32F1xx_HAL_Driver/Src/stm32f1xx_hal_flash_ex.o
LOAD ./Drivers/STM32F1xx_HAL_Driver/Src/stm32f1xx_hal_gpio.o
LOAD ./Drivers/STM32F1xx_HAL_Driver/Src/stm32f1xx_hal_gpio_ex.o
LOAD ./Drivers/STM32F1xx_HAL_Driver/Src/stm32f1xx_hal_pwr.o
LOAD ./Drivers/STM32F1xx_HAL_Driver/Src/stm32f1xx_hal_rcc.o
LOAD ./Drivers/STM32F1xx_HAL_Driver/Src/stm32f1xx_hal_rcc_ex.o
LOAD ./Drivers/STM32F1xx_HAL_Driver/Src/stm32f1xx_hal_tim.o
LOAD ./Drivers/STM32F1xx_HAL_Driver/Src/stm32f1xx_hal_tim_ex.o
START GROUP
LOAD /opt/st/stm32cubeide_1.6.1/plugins/com.st.stm32cube.ide.mcu.externaltools.gnu-tools-for-stm32.9-2020-q2-update.linux64_2.0.0.202105311346/tools/bin/../lib/gcc/arm-none-eabi/9.3.1/../../../../arm-none-eabi/lib/thumb/v7-m/nofp/libc_nano.a
LOAD /opt/st/stm32cubeide_1.6.1/plugins/com.st.stm32cube.ide.mcu.externaltools.gnu-tools-for-stm32.9-2020-q2-update.linux64_2.0.0.202105311346/tools/bin/../lib/gcc/arm-none-eabi/9.3.1/../../../../arm-none-eabi/lib/thumb/v7-m/nofp/libm.a
END GROUP
START GROUP
LOAD /opt/st/stm32cubeide_1.6.1/plugins/com.st.stm32cube.ide.mcu.externaltools.gnu-tools-for-stm32.9-2020-q2-update.linux64_2.0.0.202105311346/tools/bin/../lib/gcc/arm-none-eabi/9.3.1/thumb/v7-m/nofp/libgcc.a
LOAD /opt/st/stm32cubeide_1.6.1/plugins/com.st.stm32cube.ide.mcu.externaltools.gnu-tools-for-stm32.9-2020-q2-update.linux64_2.0.0.202105311346/tools/bin/../lib/gcc/arm-none-eabi/9.3.1/../../../../arm-none-eabi/lib/thumb/v7-m/nofp/libc_nano.a
END GROUP
START GROUP
LOAD /opt/st/stm32cubeide_1.6.1/plugins/com.st.stm32cube.ide.mcu.externaltools.gnu-tools-for-stm32.9-2020-q2-update.linux64_2.0.0.202105311346/tools/bin/../lib/gcc/arm-none-eabi/9.3.1/thumb/v7-m/nofp/libgcc.a
LOAD /opt/st/stm32cubeide_1.6.1/plugins/com.st.stm32cube.ide.mcu.externaltools.gnu-tools-for-stm32.9-2020-q2-update.linux64_2.0.0.202105311346/tools/bin/../lib/gcc/arm-none-eabi/9.3.1/../../../../arm-none-eabi/lib/thumb/v7-m/nofp/libc_nano.a
LOAD /opt/st/stm32cubeide_1.6.1/plugins/com.st.stm32cube.ide.mcu.externaltools.gnu-tools-for-stm32.9-2020-q2-update.linux64_2.0.0.202105311346/tools/bin/../lib/gcc/arm-none-eabi/9.3.1/../../../../arm-none-eabi/lib/thumb/v7-m/nofp/libnosys.a
END GROUP
START GROUP
LOAD /opt/st/stm32cubeide_1.6.1/plugins/com.st.stm32cube.ide.mcu.externaltools.gnu-tools-for-stm32.9-2020-q2-update.linux64_2.0.0.202105311346/tools/bin/../lib/gcc/arm-none-eabi/9.3.1/thumb/v7-m/nofp/libgcc.a
LOAD /opt/st/stm32cubeide_1.6.1/plugins/com.st.stm32cube.ide.mcu.externaltools.gnu-tools-for-stm32.9-2020-q2-update.linux64_2.0.0.202105311346/tools/bin/../lib/gcc/arm-none-eabi/9.3.1/../../../../arm-none-eabi/lib/thumb/v7-m/nofp/libc_nano.a
LOAD /opt/st/stm32cubeide_1.6.1/plugins/com.st.stm32cube.ide.mcu.externaltools.gnu-tools-for-stm32.9-2020-q2-update.linux64_2.0.0.202105311346/tools/bin/../lib/gcc/arm-none-eabi/9.3.1/../../../../arm-none-eabi/lib/thumb/v7-m/nofp/libnosys.a
END GROUP
LOAD /opt/st/stm32cubeide_1.6.1/plugins/com.st.stm32cube.ide.mcu.externaltools.gnu-tools-for-stm32.9-2020-q2-update.linux64_2.0.0.202105311346/tools/bin/../lib/gcc/arm-none-eabi/9.3.1/thumb/v7-m/nofp/crtend.o
LOAD /opt/st/stm32cubeide_1.6.1/plugins/com.st.stm32cube.ide.mcu.externaltools.gnu-tools-for-stm32.9-2020-q2-update.linux64_2.0.0.202105311346/tools/bin/../lib/gcc/arm-none-eabi/9.3.1/thumb/v7-m/nofp/crtn.o
                0x0000000020005000                _estack = (ORIGIN (RAM) + LENGTH (RAM))
                0x0000000000000200                _Min_Heap_Size = 0x200
                0x0000000000000400                _Min_Stack_Size = 0x400

.isr_vector     0x0000000008000000      0x10c
                0x0000000008000000                . = ALIGN (0x4)
 *(.isr_vector)
 .isr_vector    0x0000000008000000      0x10c ./Core/Startup/startup_stm32f103c8tx.o
                0x0000000008000000                g_pfnVectors
                0x000000000800010c                . = ALIGN (0x4)

.text           0x0000000008000110     0x1658
                0x0000000008000110                . = ALIGN (0x4)
 *(.text)
 .text          0x0000000008000110       0x40 /opt/st/stm32cubeide_1.6.1/plugins/com.st.stm32cube.ide.mcu.externaltools.gnu-tools-for-stm32.9-2020-q2-update.linux64_2.0.0.202105311346/tools/bin/../lib/gcc/arm-none-eabi/9.3.1/thumb/v7-m/nofp/crtbegin.o
 .text          0x0000000008000150      0x378 /opt/st/stm32cubeide_1.6.1/plugins/com.st.stm32cube.ide.mcu.externaltools.gnu-tools-for-stm32.9-2020-q2-update.linux64_2.0.0.202105311346/tools/bin/../lib/gcc/arm-none-eabi/9.3.1/thumb/v7-m/nofp/libgcc.a(_arm_addsubdf3.o)
                0x0000000008000150                __aeabi_drsub
                0x0000000008000158                __aeabi_dsub
                0x0000000008000158                __subdf3
                0x000000000800015c                __adddf3
                0x000000000800015c                __aeabi_dadd
                0x00000000080003d4                __aeabi_ui2d
                0x00000000080003d4                __floatunsidf
                0x00000000080003f4                __floatsidf
                0x00000000080003f4                __aeabi_i2d
                0x0000000008000418                __extendsfdf2
                0x0000000008000418                __aeabi_f2d
                0x000000000800045c                __aeabi_ul2d
                0x000000000800045c                __floatundidf
                0x000000000800046c                __floatdidf
                0x000000000800046c                __aeabi_l2d
 .text          0x00000000080004c8      0x424 /opt/st/stm32cubeide_1.6.1/plugins/com.st.stm32cube.ide.mcu.externaltools.gnu-tools-for-stm32.9-2020-q2-update.linux64_2.0.0.202105311346/tools/bin/../lib/gcc/arm-none-eabi/9.3.1/thumb/v7-m/nofp/libgcc.a(_arm_muldivdf3.o)
                0x00000000080004c8                __aeabi_dmul
                0x00000000080004c8                __muldf3
                0x000000000800071c                __aeabi_ddiv
                0x000000000800071c                __divdf3
 .text          0x00000000080008ec      0x110 /opt/st/stm32cubeide_1.6.1/plugins/com.st.stm32cube.ide.mcu.externaltools.gnu-tools-for-stm32.9-2020-q2-update.linux64_2.0.0.202105311346/tools/bin/../lib/gcc/arm-none-eabi/9.3.1/thumb/v7-m/nofp/libgcc.a(_arm_cmpdf2.o)
                0x00000000080008ec                __gtdf2
                0x00000000080008ec                __gedf2
                0x00000000080008f4                __ltdf2
                0x00000000080008f4                __ledf2
                0x00000000080008fc                __cmpdf2
                0x00000000080008fc                __eqdf2
                0x00000000080008fc                __nedf2
                0x0000000008000978                __aeabi_cdrcmple
                0x0000000008000988                __aeabi_cdcmple
                0x0000000008000988                __aeabi_cdcmpeq
                0x0000000008000998                __aeabi_dcmpeq
                0x00000000080009ac                __aeabi_dcmplt
                0x00000000080009c0                __aeabi_dcmple
                0x00000000080009d4                __aeabi_dcmpge
                0x00000000080009e8                __aeabi_dcmpgt
 .text          0x00000000080009fc       0x40 /opt/st/stm32cubeide_1.6.1/plugins/com.st.stm32cube.ide.mcu.externaltools.gnu-tools-for-stm32.9-2020-q2-update.linux64_2.0.0.202105311346/tools/bin/../lib/gcc/arm-none-eabi/9.3.1/thumb/v7-m/nofp/libgcc.a(_arm_fixunsdfsi.o)
                0x00000000080009fc                __fixunsdfsi
                0x00000000080009fc                __aeabi_d2uiz
 *(.text*)
 .text.__NVIC_EnableIRQ
                0x0000000008000a3c       0x38 ./Core/Src/UART.o
 .text.UART_Init
                0x0000000008000a74      0x1ac ./Core/Src/UART.o
                0x0000000008000a74                UART_Init
 .text.UART_BRR_CALC
                0x0000000008000c20      0x10c ./Core/Src/UART.o
                0x0000000008000c20                UART_BRR_CALC
 .text.UART_Rx  0x0000000008000d2c       0x54 ./Core/Src/UART.o
                0x0000000008000d2c                UART_Rx
 .text.UART_Tx  0x0000000008000d80       0x5c ./Core/Src/UART.o
                0x0000000008000d80                UART_Tx
 .text.UART_Tx_Stream
                0x0000000008000ddc       0x40 ./Core/Src/UART.o
                0x0000000008000ddc                UART_Tx_Stream
 .text.UART_ISR
                0x0000000008000e1c       0xaa ./Core/Src/UART.o
                0x0000000008000e1c                UART_ISR
 *fill*         0x0000000008000ec6        0x2 
 .text.systick_interrupt_start
                0x0000000008000ec8       0x38 ./Core/Src/UART.o
                0x0000000008000ec8                systick_interrupt_start
 .text.systick_int
                0x0000000008000f00       0xae ./Core/Src/UART.o
                0x0000000008000f00                systick_int
 *fill*         0x0000000008000fae        0x2 
 .text.init_GP  0x0000000008000fb0      0x110 ./Core/Src/gp_driver.o
                0x0000000008000fb0                init_GP
 .text.Systic_init
                0x00000000080010c0       0x18 ./Core/Src/gp_driver.o
                0x00000000080010c0                Systic_init
 .text.DelayMillis
                0x00000000080010d8       0x30 ./Core/Src/gp_driver.o
                0x00000000080010d8                DelayMillis
 .text.DelayMs  0x0000000008001108       0x24 ./Core/Src/gp_driver.o
                0x0000000008001108                DelayMs
 .text.str_empty
                0x000000000800112c       0x36 ./Core/Src/help_func.o
                0x000000000800112c                str_empty
 .text.len_str  0x0000000008001162       0x2e ./Core/Src/help_func.o
                0x0000000008001162                len_str
 .text.find_str
                0x0000000008001190       0xb2 ./Core/Src/help_func.o
                0x0000000008001190                find_str
 .text.find_strL
                0x0000000008001242       0x48 ./Core/Src/help_func.o
                0x0000000008001242                find_strL
 .text.concatenate
                0x000000000800128a       0x62 ./Core/Src/help_func.o
                0x000000000800128a                concatenate
 .text.int2char
                0x00000000080012ec       0xa8 ./Core/Src/help_func.o
                0x00000000080012ec                int2char
 .text.char2int
                0x0000000008001394       0x98 ./Core/Src/help_func.o
                0x0000000008001394                char2int
 .text.__NVIC_SetPriority
                0x000000000800142c       0x54 ./Core/Src/main.o
 .text.SysTick_Config
                0x0000000008001480       0x44 ./Core/Src/main.o
 .text.main     0x00000000080014c4      0x140 ./Core/Src/main.o
                0x00000000080014c4                main
 .text.USART2_IRQHandler
                0x0000000008001604       0x1c ./Core/Src/main.o
                0x0000000008001604                USART2_IRQHandler
 .text.USART3_IRQHandler
                0x0000000008001620       0x1c ./Core/Src/main.o
                0x0000000008001620                USART3_IRQHandler
 .text.SysTick_Handler
                0x000000000800163c       0x20 ./Core/Src/main.o
                0x000000000800163c                SysTick_Handler
 .text.NMI_Handler
                0x000000000800165c        0x6 ./Core/Src/stm32f1xx_it.o
                0x000000000800165c                NMI_Handler
 .text.HardFault_Handler
                0x0000000008001662        0x6 ./Core/Src/stm32f1xx_it.o
                0x0000000008001662                HardFault_Handler
 .text.MemManage_Handler
                0x0000000008001668        0x6 ./Core/Src/stm32f1xx_it.o
                0x0000000008001668                MemManage_Handler
 .text.BusFault_Handler
                0x000000000800166e        0x6 ./Core/Src/stm32f1xx_it.o
                0x000000000800166e                BusFault_Handler
 .text.UsageFault_Handler
                0x0000000008001674        0x6 ./Core/Src/stm32f1xx_it.o
                0x0000000008001674                UsageFault_Handler
 .text.SVC_Handler
                0x000000000800167a        0xc ./Core/Src/stm32f1xx_it.o
                0x000000000800167a                SVC_Handler
 .text.DebugMon_Handler
                0x0000000008001686        0xc ./Core/Src/stm32f1xx_it.o
                0x0000000008001686                DebugMon_Handler
 .text.PendSV_Handler
                0x0000000008001692        0xc ./Core/Src/stm32f1xx_it.o
                0x0000000008001692                PendSV_Handler
 .text.SystemInit
                0x000000000800169e        0xc ./Core/Src/system_stm32f1xx.o
                0x000000000800169e                SystemInit
 *fill*         0x00000000080016aa        0x2 
 .text.Reset_Handler
                0x00000000080016ac       0x48 ./Core/Startup/startup_stm32f103c8tx.o
                0x00000000080016ac                Reset_Handler
 .text.Default_Handler
                0x00000000080016f4        0x2 ./Core/Startup/startup_stm32f103c8tx.o
                0x00000000080016f4                RTC_Alarm_IRQHandler
                0x00000000080016f4                EXTI2_IRQHandler
                0x00000000080016f4                TIM1_CC_IRQHandler
                0x00000000080016f4                PVD_IRQHandler
                0x00000000080016f4                EXTI3_IRQHandler
                0x00000000080016f4                EXTI0_IRQHandler
                0x00000000080016f4                I2C2_EV_IRQHandler
                0x00000000080016f4                ADC1_2_IRQHandler
                0x00000000080016f4                SPI1_IRQHandler
                0x00000000080016f4                TAMPER_IRQHandler
                0x00000000080016f4                DMA1_Channel4_IRQHandler
                0x00000000080016f4                RTC_IRQHandler
                0x00000000080016f4                DMA1_Channel7_IRQHandler
                0x00000000080016f4                CAN1_RX1_IRQHandler
                0x00000000080016f4                TIM4_IRQHandler
                0x00000000080016f4                I2C1_EV_IRQHandler
                0x00000000080016f4                DMA1_Channel6_IRQHandler
                0x00000000080016f4                TIM3_IRQHandler
                0x00000000080016f4                RCC_IRQHandler
                0x00000000080016f4                TIM1_TRG_COM_IRQHandler
                0x00000000080016f4                DMA1_Channel1_IRQHandler
                0x00000000080016f4                Default_Handler
                0x00000000080016f4                EXTI15_10_IRQHandler
                0x00000000080016f4                EXTI9_5_IRQHandler
                0x00000000080016f4                SPI2_IRQHandler
                0x00000000080016f4                DMA1_Channel5_IRQHandler
                0x00000000080016f4                EXTI4_IRQHandler
                0x00000000080016f4                USB_LP_CAN1_RX0_IRQHandler
                0x00000000080016f4                USB_HP_CAN1_TX_IRQHandler
                0x00000000080016f4                DMA1_Channel3_IRQHandler
                0x00000000080016f4                TIM1_UP_IRQHandler
                0x00000000080016f4                WWDG_IRQHandler
                0x00000000080016f4                TIM2_IRQHandler
                0x00000000080016f4                TIM1_BRK_IRQHandler
                0x00000000080016f4                EXTI1_IRQHandler
                0x00000000080016f4                I2C2_ER_IRQHandler
                0x00000000080016f4                DMA1_Channel2_IRQHandler
                0x00000000080016f4                CAN1_SCE_IRQHandler
                0x00000000080016f4                FLASH_IRQHandler
                0x00000000080016f4                USART1_IRQHandler
                0x00000000080016f4                I2C1_ER_IRQHandler
                0x00000000080016f4                USBWakeUp_IRQHandler
 *fill*         0x00000000080016f6        0x2 
 .text.__libc_init_array
                0x00000000080016f8       0x48 /opt/st/stm32cubeide_1.6.1/plugins/com.st.stm32cube.ide.mcu.externaltools.gnu-tools-for-stm32.9-2020-q2-update.linux64_2.0.0.202105311346/tools/bin/../lib/gcc/arm-none-eabi/9.3.1/../../../../arm-none-eabi/lib/thumb/v7-m/nofp/libc_nano.a(lib_a-init.o)
                0x00000000080016f8                __libc_init_array
 .text.memset   0x0000000008001740       0x10 /opt/st/stm32cubeide_1.6.1/plugins/com.st.stm32cube.ide.mcu.externaltools.gnu-tools-for-stm32.9-2020-q2-update.linux64_2.0.0.202105311346/tools/bin/../lib/gcc/arm-none-eabi/9.3.1/../../../../arm-none-eabi/lib/thumb/v7-m/nofp/libc_nano.a(lib_a-memset.o)
                0x0000000008001740                memset
 *(.glue_7)
 .glue_7        0x0000000008001750        0x0 linker stubs
 *(.glue_7t)
 .glue_7t       0x0000000008001750        0x0 linker stubs
 *(.eh_frame)
 .eh_frame      0x0000000008001750        0x0 /opt/st/stm32cubeide_1.6.1/plugins/com.st.stm32cube.ide.mcu.externaltools.gnu-tools-for-stm32.9-2020-q2-update.linux64_2.0.0.202105311346/tools/bin/../lib/gcc/arm-none-eabi/9.3.1/thumb/v7-m/nofp/crtbegin.o
 *(.init)
 .init          0x0000000008001750        0x4 /opt/st/stm32cubeide_1.6.1/plugins/com.st.stm32cube.ide.mcu.externaltools.gnu-tools-for-stm32.9-2020-q2-update.linux64_2.0.0.202105311346/tools/bin/../lib/gcc/arm-none-eabi/9.3.1/thumb/v7-m/nofp/crti.o
                0x0000000008001750                _init
 .init          0x0000000008001754        0x8 /opt/st/stm32cubeide_1.6.1/plugins/com.st.stm32cube.ide.mcu.externaltools.gnu-tools-for-stm32.9-2020-q2-update.linux64_2.0.0.202105311346/tools/bin/../lib/gcc/arm-none-eabi/9.3.1/thumb/v7-m/nofp/crtn.o
 *(.fini)
 .fini          0x000000000800175c        0x4 /opt/st/stm32cubeide_1.6.1/plugins/com.st.stm32cube.ide.mcu.externaltools.gnu-tools-for-stm32.9-2020-q2-update.linux64_2.0.0.202105311346/tools/bin/../lib/gcc/arm-none-eabi/9.3.1/thumb/v7-m/nofp/crti.o
                0x000000000800175c                _fini
 .fini          0x0000000008001760        0x8 /opt/st/stm32cubeide_1.6.1/plugins/com.st.stm32cube.ide.mcu.externaltools.gnu-tools-for-stm32.9-2020-q2-update.linux64_2.0.0.202105311346/tools/bin/../lib/gcc/arm-none-eabi/9.3.1/thumb/v7-m/nofp/crtn.o
                0x0000000008001768                . = ALIGN (0x4)
                0x0000000008001768                _etext = .

.vfp11_veneer   0x0000000008001768        0x0
 .vfp11_veneer  0x0000000008001768        0x0 linker stubs

.v4_bx          0x0000000008001768        0x0
 .v4_bx         0x0000000008001768        0x0 linker stubs

.iplt           0x0000000008001768        0x0
 .iplt          0x0000000008001768        0x0 /opt/st/stm32cubeide_1.6.1/plugins/com.st.stm32cube.ide.mcu.externaltools.gnu-tools-for-stm32.9-2020-q2-update.linux64_2.0.0.202105311346/tools/bin/../lib/gcc/arm-none-eabi/9.3.1/thumb/v7-m/nofp/crtbegin.o

.rodata         0x0000000008001768       0xe4
                0x0000000008001768                . = ALIGN (0x4)
 *(.rodata)
 .rodata        0x0000000008001768       0x33 ./Core/Src/UART.o
 *fill*         0x000000000800179b        0x1 
 .rodata        0x000000000800179c       0x1c ./Core/Src/gp_driver.o
 .rodata        0x00000000080017b8        0xb ./Core/Src/help_func.o
 *fill*         0x00000000080017c3        0x1 
 .rodata        0x00000000080017c4       0x88 ./Core/Src/main.o
 *(.rodata*)
                0x000000000800184c                . = ALIGN (0x4)

.rel.dyn        0x000000000800184c        0x0
 .rel.iplt      0x000000000800184c        0x0 /opt/st/stm32cubeide_1.6.1/plugins/com.st.stm32cube.ide.mcu.externaltools.gnu-tools-for-stm32.9-2020-q2-update.linux64_2.0.0.202105311346/tools/bin/../lib/gcc/arm-none-eabi/9.3.1/thumb/v7-m/nofp/crtbegin.o

.ARM.extab      0x000000000800184c        0x0
                0x000000000800184c                . = ALIGN (0x4)
 *(.ARM.extab* .gnu.linkonce.armextab.*)
                0x000000000800184c                . = ALIGN (0x4)

.ARM            0x000000000800184c        0x0
                0x000000000800184c                . = ALIGN (0x4)
                0x000000000800184c                __exidx_start = .
 *(.ARM.exidx*)
                0x000000000800184c                __exidx_end = .
                0x000000000800184c                . = ALIGN (0x4)

.preinit_array  0x000000000800184c        0x0
                0x000000000800184c                . = ALIGN (0x4)
                0x000000000800184c                PROVIDE (__preinit_array_start = .)
 *(.preinit_array*)
                0x000000000800184c                PROVIDE (__preinit_array_end = .)
                0x000000000800184c                . = ALIGN (0x4)

.init_array     0x000000000800184c        0x4
                0x000000000800184c                . = ALIGN (0x4)
                0x000000000800184c                PROVIDE (__init_array_start = .)
 *(SORT_BY_NAME(.init_array.*))
 *(.init_array*)
 .init_array    0x000000000800184c        0x4 /opt/st/stm32cubeide_1.6.1/plugins/com.st.stm32cube.ide.mcu.externaltools.gnu-tools-for-stm32.9-2020-q2-update.linux64_2.0.0.202105311346/tools/bin/../lib/gcc/arm-none-eabi/9.3.1/thumb/v7-m/nofp/crtbegin.o
                0x0000000008001850                PROVIDE (__init_array_end = .)
                0x0000000008001850                . = ALIGN (0x4)

.fini_array     0x0000000008001850        0x4
                0x0000000008001850                . = ALIGN (0x4)
                [!provide]                        PROVIDE (__fini_array_start = .)
 *(SORT_BY_NAME(.fini_array.*))
 *(.fini_array*)
 .fini_array    0x0000000008001850        0x4 /opt/st/stm32cubeide_1.6.1/plugins/com.st.stm32cube.ide.mcu.externaltools.gnu-tools-for-stm32.9-2020-q2-update.linux64_2.0.0.202105311346/tools/bin/../lib/gcc/arm-none-eabi/9.3.1/thumb/v7-m/nofp/crtbegin.o
                [!provide]                        PROVIDE (__fini_array_end = .)
                0x0000000008001854                . = ALIGN (0x4)
                0x0000000008001854                _sidata = LOADADDR (.data)

.data           0x0000000020000000       0x24 load address 0x0000000008001854
                0x0000000020000000                . = ALIGN (0x4)
                0x0000000020000000                _sdata = .
 *(.data)
 *(.data*)
 .data.Uart_2_mgr
                0x0000000020000000        0xe ./Core/Src/main.o
                0x0000000020000000                Uart_2_mgr
 *fill*         0x000000002000000e        0x2 
 .data.Uart_3_mgr
                0x0000000020000010        0xe ./Core/Src/main.o
                0x0000000020000010                Uart_3_mgr
 *fill*         0x000000002000001e        0x2 
 .data.SystemCoreClock
                0x0000000020000020        0x4 ./Core/Src/system_stm32f1xx.o
                0x0000000020000020                SystemCoreClock
 *(.RamFunc)
 *(.RamFunc*)
                0x0000000020000024                . = ALIGN (0x4)
                0x0000000020000024                _edata = .

.igot.plt       0x0000000020000024        0x0 load address 0x0000000008001878
 .igot.plt      0x0000000020000024        0x0 /opt/st/stm32cubeide_1.6.1/plugins/com.st.stm32cube.ide.mcu.externaltools.gnu-tools-for-stm32.9-2020-q2-update.linux64_2.0.0.202105311346/tools/bin/../lib/gcc/arm-none-eabi/9.3.1/thumb/v7-m/nofp/crtbegin.o
                0x0000000020000024                . = ALIGN (0x4)

.bss            0x0000000020000024      0x228 load address 0x0000000008001878
                0x0000000020000024                _sbss = .
                0x0000000020000024                __bss_start__ = _sbss
 *(.bss)
 .bss           0x0000000020000024       0x1c /opt/st/stm32cubeide_1.6.1/plugins/com.st.stm32cube.ide.mcu.externaltools.gnu-tools-for-stm32.9-2020-q2-update.linux64_2.0.0.202105311346/tools/bin/../lib/gcc/arm-none-eabi/9.3.1/thumb/v7-m/nofp/crtbegin.o
 *(.bss*)
 .bss.Uart_1_mgr
                0x0000000020000040        0xe ./Core/Src/main.o
                0x0000000020000040                Uart_1_mgr
 *fill*         0x000000002000004e        0x2 
 .bss.process   0x0000000020000050        0x4 ./Core/Src/main.o
                0x0000000020000050                process
 *(COMMON)
 COMMON         0x0000000020000054      0x1f6 ./Core/Src/main.o
                0x0000000020000054                Uart_3_msg
                0x0000000020000150                Uart_2_msg
                0x000000002000024c                . = ALIGN (0x4)
 *fill*         0x000000002000024a        0x2 
                0x000000002000024c                _ebss = .
                0x000000002000024c                __bss_end__ = _ebss

._user_heap_stack
                0x000000002000024c      0x604 load address 0x0000000008001878
                0x0000000020000250                . = ALIGN (0x8)
 *fill*         0x000000002000024c        0x4 
                [!provide]                        PROVIDE (end = .)
                0x0000000020000250                PROVIDE (_end = .)
                0x0000000020000450                . = (. + _Min_Heap_Size)
 *fill*         0x0000000020000250      0x200 
                0x0000000020000850                . = (. + _Min_Stack_Size)
 *fill*         0x0000000020000450      0x400 
                0x0000000020000850                . = ALIGN (0x8)

/DISCARD/
 libc.a(*)
 libm.a(*)
 libgcc.a(*)

.ARM.attributes
                0x0000000000000000       0x29
 *(.ARM.attributes)
 .ARM.attributes
                0x0000000000000000       0x1d /opt/st/stm32cubeide_1.6.1/plugins/com.st.stm32cube.ide.mcu.externaltools.gnu-tools-for-stm32.9-2020-q2-update.linux64_2.0.0.202105311346/tools/bin/../lib/gcc/arm-none-eabi/9.3.1/thumb/v7-m/nofp/crti.o
 .ARM.attributes
                0x000000000000001d       0x2d /opt/st/stm32cubeide_1.6.1/plugins/com.st.stm32cube.ide.mcu.externaltools.gnu-tools-for-stm32.9-2020-q2-update.linux64_2.0.0.202105311346/tools/bin/../lib/gcc/arm-none-eabi/9.3.1/thumb/v7-m/nofp/crtbegin.o
 .ARM.attributes
                0x000000000000004a       0x2d ./Core/Src/UART.o
 .ARM.attributes
                0x0000000000000077       0x2d ./Core/Src/gp_driver.o
 .ARM.attributes
                0x00000000000000a4       0x2d ./Core/Src/help_func.o
 .ARM.attributes
                0x00000000000000d1       0x2d ./Core/Src/main.o
 .ARM.attributes
                0x00000000000000fe       0x2d ./Core/Src/stm32f1xx_it.o
 .ARM.attributes
                0x000000000000012b       0x2d ./Core/Src/system_stm32f1xx.o
 .ARM.attributes
                0x0000000000000158       0x21 ./Core/Startup/startup_stm32f103c8tx.o
 .ARM.attributes
                0x0000000000000179       0x2d /opt/st/stm32cubeide_1.6.1/plugins/com.st.stm32cube.ide.mcu.externaltools.gnu-tools-for-stm32.9-2020-q2-update.linux64_2.0.0.202105311346/tools/bin/../lib/gcc/arm-none-eabi/9.3.1/../../../../arm-none-eabi/lib/thumb/v7-m/nofp/libc_nano.a(lib_a-init.o)
 .ARM.attributes
                0x00000000000001a6       0x2d /opt/st/stm32cubeide_1.6.1/plugins/com.st.stm32cube.ide.mcu.externaltools.gnu-tools-for-stm32.9-2020-q2-update.linux64_2.0.0.202105311346/tools/bin/../lib/gcc/arm-none-eabi/9.3.1/../../../../arm-none-eabi/lib/thumb/v7-m/nofp/libc_nano.a(lib_a-memset.o)
 .ARM.attributes
                0x00000000000001d3       0x1d /opt/st/stm32cubeide_1.6.1/plugins/com.st.stm32cube.ide.mcu.externaltools.gnu-tools-for-stm32.9-2020-q2-update.linux64_2.0.0.202105311346/tools/bin/../lib/gcc/arm-none-eabi/9.3.1/thumb/v7-m/nofp/libgcc.a(_arm_addsubdf3.o)
 .ARM.attributes
                0x00000000000001f0       0x1d /opt/st/stm32cubeide_1.6.1/plugins/com.st.stm32cube.ide.mcu.externaltools.gnu-tools-for-stm32.9-2020-q2-update.linux64_2.0.0.202105311346/tools/bin/../lib/gcc/arm-none-eabi/9.3.1/thumb/v7-m/nofp/libgcc.a(_arm_muldivdf3.o)
 .ARM.attributes
                0x000000000000020d       0x1d /opt/st/stm32cubeide_1.6.1/plugins/com.st.stm32cube.ide.mcu.externaltools.gnu-tools-for-stm32.9-2020-q2-update.linux64_2.0.0.202105311346/tools/bin/../lib/gcc/arm-none-eabi/9.3.1/thumb/v7-m/nofp/libgcc.a(_arm_cmpdf2.o)
 .ARM.attributes
                0x000000000000022a       0x1d /opt/st/stm32cubeide_1.6.1/plugins/com.st.stm32cube.ide.mcu.externaltools.gnu-tools-for-stm32.9-2020-q2-update.linux64_2.0.0.202105311346/tools/bin/../lib/gcc/arm-none-eabi/9.3.1/thumb/v7-m/nofp/libgcc.a(_arm_fixunsdfsi.o)
 .ARM.attributes
                0x0000000000000247       0x1d /opt/st/stm32cubeide_1.6.1/plugins/com.st.stm32cube.ide.mcu.externaltools.gnu-tools-for-stm32.9-2020-q2-update.linux64_2.0.0.202105311346/tools/bin/../lib/gcc/arm-none-eabi/9.3.1/thumb/v7-m/nofp/crtn.o
OUTPUT(USART2_advanced.elf elf32-littlearm)
LOAD linker stubs
LOAD /opt/st/stm32cubeide_1.6.1/plugins/com.st.stm32cube.ide.mcu.externaltools.gnu-tools-for-stm32.9-2020-q2-update.linux64_2.0.0.202105311346/tools/bin/../lib/gcc/arm-none-eabi/9.3.1/../../../../arm-none-eabi/lib/thumb/v7-m/nofp/libc.a
LOAD /opt/st/stm32cubeide_1.6.1/plugins/com.st.stm32cube.ide.mcu.externaltools.gnu-tools-for-stm32.9-2020-q2-update.linux64_2.0.0.202105311346/tools/bin/../lib/gcc/arm-none-eabi/9.3.1/../../../../arm-none-eabi/lib/thumb/v7-m/nofp/libm.a
LOAD /opt/st/stm32cubeide_1.6.1/plugins/com.st.stm32cube.ide.mcu.externaltools.gnu-tools-for-stm32.9-2020-q2-update.linux64_2.0.0.202105311346/tools/bin/../lib/gcc/arm-none-eabi/9.3.1/thumb/v7-m/nofp/libgcc.a

.debug_info     0x0000000000000000     0x262c
 .debug_info    0x0000000000000000     0x11d6 ./Core/Src/UART.o
 .debug_info    0x00000000000011d6      0x422 ./Core/Src/gp_driver.o
 .debug_info    0x00000000000015f8      0x2da ./Core/Src/help_func.o
 .debug_info    0x00000000000018d2      0x86a ./Core/Src/main.o
 .debug_info    0x000000000000213c      0x210 ./Core/Src/stm32f1xx_it.o
 .debug_info    0x000000000000234c      0x2be ./Core/Src/system_stm32f1xx.o
 .debug_info    0x000000000000260a       0x22 ./Core/Startup/startup_stm32f103c8tx.o

.debug_abbrev   0x0000000000000000      0xa4b
 .debug_abbrev  0x0000000000000000      0x34c ./Core/Src/UART.o
 .debug_abbrev  0x000000000000034c      0x1c6 ./Core/Src/gp_driver.o
 .debug_abbrev  0x0000000000000512      0x107 ./Core/Src/help_func.o
 .debug_abbrev  0x0000000000000619      0x21a ./Core/Src/main.o
 .debug_abbrev  0x0000000000000833       0xb8 ./Core/Src/stm32f1xx_it.o
 .debug_abbrev  0x00000000000008eb      0x14e ./Core/Src/system_stm32f1xx.o
 .debug_abbrev  0x0000000000000a39       0x12 ./Core/Startup/startup_stm32f103c8tx.o

.debug_aranges  0x0000000000000000      0x208
 .debug_aranges
                0x0000000000000000       0x68 ./Core/Src/UART.o
 .debug_aranges
                0x0000000000000068       0x58 ./Core/Src/gp_driver.o
 .debug_aranges
                0x00000000000000c0       0x50 ./Core/Src/help_func.o
 .debug_aranges
                0x0000000000000110       0x50 ./Core/Src/main.o
 .debug_aranges
                0x0000000000000160       0x58 ./Core/Src/stm32f1xx_it.o
 .debug_aranges
                0x00000000000001b8       0x28 ./Core/Src/system_stm32f1xx.o
 .debug_aranges
                0x00000000000001e0       0x28 ./Core/Startup/startup_stm32f103c8tx.o

.debug_ranges   0x0000000000000000      0x1a0
 .debug_ranges  0x0000000000000000       0x58 ./Core/Src/UART.o
 .debug_ranges  0x0000000000000058       0x48 ./Core/Src/gp_driver.o
 .debug_ranges  0x00000000000000a0       0x40 ./Core/Src/help_func.o
 .debug_ranges  0x00000000000000e0       0x40 ./Core/Src/main.o
 .debug_ranges  0x0000000000000120       0x48 ./Core/Src/stm32f1xx_it.o
 .debug_ranges  0x0000000000000168       0x18 ./Core/Src/system_stm32f1xx.o
 .debug_ranges  0x0000000000000180       0x20 ./Core/Startup/startup_stm32f103c8tx.o

.debug_macro    0x0000000000000000      0xff0
 .debug_macro   0x0000000000000000      0x25c ./Core/Src/UART.o
 .debug_macro   0x000000000000025c       0x4c ./Core/Src/UART.o
 .debug_macro   0x00000000000002a8       0x94 ./Core/Src/UART.o
 .debug_macro   0x000000000000033c      0x10e ./Core/Src/UART.o
 .debug_macro   0x000000000000044a       0x8d ./Core/Src/UART.o
 .debug_macro   0x00000000000004d7       0x57 ./Core/Src/UART.o
 .debug_macro   0x000000000000052e      0x339 ./Core/Src/UART.o
 .debug_macro   0x0000000000000867       0xbd ./Core/Src/UART.o
 .debug_macro   0x0000000000000924       0x56 ./Core/Src/UART.o
 .debug_macro   0x000000000000097a       0x1c ./Core/Src/UART.o
 .debug_macro   0x0000000000000996      0x18d ./Core/Src/gp_driver.o
 .debug_macro   0x0000000000000b23       0x11 ./Core/Src/help_func.o
 .debug_macro   0x0000000000000b34      0x1a0 ./Core/Src/main.o
 .debug_macro   0x0000000000000cd4      0x198 ./Core/Src/stm32f1xx_it.o
 .debug_macro   0x0000000000000e6c      0x184 ./Core/Src/system_stm32f1xx.o

.debug_line     0x0000000000000000     0x2a69
 .debug_line    0x0000000000000000      0xab1 ./Core/Src/UART.o
 .debug_line    0x0000000000000ab1      0x822 ./Core/Src/gp_driver.o
 .debug_line    0x00000000000012d3      0x27c ./Core/Src/help_func.o
 .debug_line    0x000000000000154f      0x74b ./Core/Src/main.o
 .debug_line    0x0000000000001c9a      0x6ba ./Core/Src/stm32f1xx_it.o
 .debug_line    0x0000000000002354      0x68e ./Core/Src/system_stm32f1xx.o
 .debug_line    0x00000000000029e2       0x87 ./Core/Startup/startup_stm32f103c8tx.o

.debug_str      0x0000000000000000    0x7e40a
 .debug_str     0x0000000000000000    0x7e043 ./Core/Src/UART.o
                                      0x7e496 (size before relaxing)
 .debug_str     0x000000000007e043       0x9d ./Core/Src/gp_driver.o
                                      0x7adeb (size before relaxing)
 .debug_str     0x000000000007e0e0       0x87 ./Core/Src/help_func.o
                                       0x2e08 (size before relaxing)
 .debug_str     0x000000000007e167      0x164 ./Core/Src/main.o
                                      0x7b236 (size before relaxing)
 .debug_str     0x000000000007e2cb       0xb7 ./Core/Src/stm32f1xx_it.o
                                      0x7ac82 (size before relaxing)
 .debug_str     0x000000000007e382       0x52 ./Core/Src/system_stm32f1xx.o
                                      0x7ac62 (size before relaxing)
 .debug_str     0x000000000007e3d4       0x36 ./Core/Startup/startup_stm32f103c8tx.o
                                         0x82 (size before relaxing)

.comment        0x0000000000000000       0x53
 .comment       0x0000000000000000       0x53 ./Core/Src/UART.o
                                         0x54 (size before relaxing)
 .comment       0x0000000000000053       0x54 ./Core/Src/gp_driver.o
 .comment       0x0000000000000053       0x54 ./Core/Src/help_func.o
 .comment       0x0000000000000053       0x54 ./Core/Src/main.o
 .comment       0x0000000000000053       0x54 ./Core/Src/stm32f1xx_it.o
 .comment       0x0000000000000053       0x54 ./Core/Src/system_stm32f1xx.o

.debug_frame    0x0000000000000000      0x83c
 .debug_frame   0x0000000000000000      0x188 ./Core/Src/UART.o
 .debug_frame   0x0000000000000188      0x13c ./Core/Src/gp_driver.o
 .debug_frame   0x00000000000002c4      0x120 ./Core/Src/help_func.o
 .debug_frame   0x00000000000003e4       0xe8 ./Core/Src/main.o
 .debug_frame   0x00000000000004cc       0xe8 ./Core/Src/stm32f1xx_it.o
 .debug_frame   0x00000000000005b4       0x58 ./Core/Src/system_stm32f1xx.o
 .debug_frame   0x000000000000060c       0x2c /opt/st/stm32cubeide_1.6.1/plugins/com.st.stm32cube.ide.mcu.externaltools.gnu-tools-for-stm32.9-2020-q2-update.linux64_2.0.0.202105311346/tools/bin/../lib/gcc/arm-none-eabi/9.3.1/../../../../arm-none-eabi/lib/thumb/v7-m/nofp/libc_nano.a(lib_a-init.o)
 .debug_frame   0x0000000000000638       0x20 /opt/st/stm32cubeide_1.6.1/plugins/com.st.stm32cube.ide.mcu.externaltools.gnu-tools-for-stm32.9-2020-q2-update.linux64_2.0.0.202105311346/tools/bin/../lib/gcc/arm-none-eabi/9.3.1/../../../../arm-none-eabi/lib/thumb/v7-m/nofp/libc_nano.a(lib_a-memset.o)
 .debug_frame   0x0000000000000658       0xac /opt/st/stm32cubeide_1.6.1/plugins/com.st.stm32cube.ide.mcu.externaltools.gnu-tools-for-stm32.9-2020-q2-update.linux64_2.0.0.202105311346/tools/bin/../lib/gcc/arm-none-eabi/9.3.1/thumb/v7-m/nofp/libgcc.a(_arm_addsubdf3.o)
 .debug_frame   0x0000000000000704       0x50 /opt/st/stm32cubeide_1.6.1/plugins/com.st.stm32cube.ide.mcu.externaltools.gnu-tools-for-stm32.9-2020-q2-update.linux64_2.0.0.202105311346/tools/bin/../lib/gcc/arm-none-eabi/9.3.1/thumb/v7-m/nofp/libgcc.a(_arm_muldivdf3.o)
 .debug_frame   0x0000000000000754       0xc4 /opt/st/stm32cubeide_1.6.1/plugins/com.st.stm32cube.ide.mcu.externaltools.gnu-tools-for-stm32.9-2020-q2-update.linux64_2.0.0.202105311346/tools/bin/../lib/gcc/arm-none-eabi/9.3.1/thumb/v7-m/nofp/libgcc.a(_arm_cmpdf2.o)
 .debug_frame   0x0000000000000818       0x24 /opt/st/stm32cubeide_1.6.1/plugins/com.st.stm32cube.ide.mcu.externaltools.gnu-tools-for-stm32.9-2020-q2-update.linux64_2.0.0.202105311346/tools/bin/../lib/gcc/arm-none-eabi/9.3.1/thumb/v7-m/nofp/libgcc.a(_arm_fixunsdfsi.o)
